jibon@PDABUILD:~$ code /etc/samba/smb.conf 
jibon@PDABUILD:~$ sudo smbpasswd -a jibon
[sudo] password for jibon: 
New SMB password:
Retype new SMB password:
Added user jibon.
jibon@PDABUILD:~$ sudo service smbd restart
jibon@PDABUILD:~$ sudo apt install build-essentials
[sudo] password for jibon: 
Reading package lists... Done
Building dependency tree       
Reading state information... Done
E: Unable to locate package build-essentials
jibon@PDABUILD:~$ sudo apt update
Hit:1 http://kr.archive.ubuntu.com/ubuntu bionic InRelease                   
Hit:2 http://kr.archive.ubuntu.com/ubuntu bionic-updates InRelease           
Hit:3 http://security.ubuntu.com/ubuntu bionic-security InRelease       
Hit:4 http://kr.archive.ubuntu.com/ubuntu bionic-backports InRelease    
Reading package lists... Done                     
Building dependency tree       
Reading state information... Done
3 packages can be upgraded. Run 'apt list --upgradable' to see them.
jibon@PDABUILD:~$ sudo apt install build-essentials
Reading package lists... Done
Building dependency tree       
Reading state information... Done
E: Unable to locate package build-essentials
jibon@PDABUILD:~$ sudo apt install build-essential
Reading package lists... Done
Building dependency tree       
Reading state information... Done
The following packages were automatically installed and are no longer required:
  gir1.2-goa-1.0 gir1.2-snapd-1
Use 'sudo apt autoremove' to remove them.
The following additional packages will be installed:
  dpkg-dev fakeroot g++ g++-7 gcc gcc-7 libalgorithm-diff-perl
  libalgorithm-diff-xs-perl libalgorithm-merge-perl libasan4 libatomic1
  libc-dev-bin libc6-dev libcilkrts5 libfakeroot libgcc-7-dev libitm1 liblsan0
  libmpx2 libquadmath0 libstdc++-7-dev libtsan0 libubsan0 linux-libc-dev
  manpages-dev
Suggested packages:
  debian-keyring g++-multilib g++-7-multilib gcc-7-doc libstdc++6-7-dbg
  gcc-multilib autoconf automake libtool flex bison gcc-doc gcc-7-multilib
  gcc-7-locales libgcc1-dbg libgomp1-dbg libitm1-dbg libatomic1-dbg
  libasan4-dbg liblsan0-dbg libtsan0-dbg libubsan0-dbg libcilkrts5-dbg
  libmpx2-dbg libquadmath0-dbg glibc-doc libstdc++-7-doc
The following NEW packages will be installed:
  build-essential dpkg-dev fakeroot g++ g++-7 gcc gcc-7 libalgorithm-diff-perl
  libalgorithm-diff-xs-perl libalgorithm-merge-perl libasan4 libatomic1
  libc-dev-bin libc6-dev libcilkrts5 libfakeroot libgcc-7-dev libitm1 liblsan0
  libmpx2 libquadmath0 libstdc++-7-dev libtsan0 libubsan0 linux-libc-dev
  manpages-dev
0 upgraded, 26 newly installed, 0 to remove and 3 not upgraded.
Need to get 30.7 MB of archives.
After this operation, 120 MB of additional disk space will be used.
Do you want to continue? [Y/n] y
Get:1 http://kr.archive.ubuntu.com/ubuntu bionic-updates/main amd64 libc-dev-bin amd64 2.27-3ubuntu1.6 [71.9 kB]
Get:2 http://kr.archive.ubuntu.com/ubuntu bionic-updates/main amd64 linux-libc-dev amd64 4.15.0-213.224 [983 kB]
Get:3 http://kr.archive.ubuntu.com/ubuntu bionic-updates/main amd64 libc6-dev amd64 2.27-3ubuntu1.6 [2,587 kB]
Get:4 http://kr.archive.ubuntu.com/ubuntu bionic-updates/main amd64 libitm1 amd64 8.4.0-1ubuntu1~18.04 [27.9 kB]
Get:5 http://kr.archive.ubuntu.com/ubuntu bionic-updates/main amd64 libatomic1 amd64 8.4.0-1ubuntu1~18.04 [9,192 B]
Get:6 http://kr.archive.ubuntu.com/ubuntu bionic-updates/main amd64 libasan4 amd64 7.5.0-3ubuntu1~18.04 [358 kB]
Get:7 http://kr.archive.ubuntu.com/ubuntu bionic-updates/main amd64 liblsan0 amd64 8.4.0-1ubuntu1~18.04 [133 kB]
Get:8 http://kr.archive.ubuntu.com/ubuntu bionic-updates/main amd64 libtsan0 amd64 8.4.0-1ubuntu1~18.04 [288 kB]
Get:9 http://kr.archive.ubuntu.com/ubuntu bionic-updates/main amd64 libubsan0 amd64 7.5.0-3ubuntu1~18.04 [126 kB]
Get:10 http://kr.archive.ubuntu.com/ubuntu bionic-updates/main amd64 libcilkrts5 amd64 7.5.0-3ubuntu1~18.04 [42.5 kB]
Get:11 http://kr.archive.ubuntu.com/ubuntu bionic-updates/main amd64 libmpx2 amd64 8.4.0-1ubuntu1~18.04 [11.6 kB]
Get:12 http://kr.archive.ubuntu.com/ubuntu bionic-updates/main amd64 libquadmath0 amd64 8.4.0-1ubuntu1~18.04 [134 kB]
Get:13 http://kr.archive.ubuntu.com/ubuntu bionic-updates/main amd64 libgcc-7-dev amd64 7.5.0-3ubuntu1~18.04 [2,378 kB]
Get:14 http://kr.archive.ubuntu.com/ubuntu bionic-updates/main amd64 gcc-7 amd64 7.5.0-3ubuntu1~18.04 [9,381 kB]
Get:15 http://kr.archive.ubuntu.com/ubuntu bionic-updates/main amd64 gcc amd64 4:7.4.0-1ubuntu2.3 [5,184 B]
Get:16 http://kr.archive.ubuntu.com/ubuntu bionic-updates/main amd64 libstdc++-7-dev amd64 7.5.0-3ubuntu1~18.04 [1,471 kB]
Get:17 http://kr.archive.ubuntu.com/ubuntu bionic-updates/main amd64 g++-7 amd64 7.5.0-3ubuntu1~18.04 [9,697 kB]
Get:18 http://kr.archive.ubuntu.com/ubuntu bionic-updates/main amd64 g++ amd64 4:7.4.0-1ubuntu2.3 [1,568 B]
Get:19 http://kr.archive.ubuntu.com/ubuntu bionic-updates/main amd64 dpkg-dev all 1.19.0.5ubuntu2.4 [607 kB]
Get:20 http://kr.archive.ubuntu.com/ubuntu bionic/main amd64 build-essential amd64 12.4ubuntu1 [4,758 B]
Get:21 http://kr.archive.ubuntu.com/ubuntu bionic/main amd64 libfakeroot amd64 1.22-2ubuntu1 [25.9 kB]
Get:22 http://kr.archive.ubuntu.com/ubuntu bionic/main amd64 fakeroot amd64 1.22-2ubuntu1 [62.3 kB]
Get:23 http://kr.archive.ubuntu.com/ubuntu bionic/main amd64 libalgorithm-diff-perl all 1.19.03-1 [47.6 kB]
Get:24 http://kr.archive.ubuntu.com/ubuntu bionic/main amd64 libalgorithm-diff-xs-perl amd64 0.04-5 [11.1 kB]
Get:25 http://kr.archive.ubuntu.com/ubuntu bionic/main amd64 libalgorithm-merge-perl all 0.08-3 [12.0 kB]
Get:26 http://kr.archive.ubuntu.com/ubuntu bionic/main amd64 manpages-dev all 4.15-1 [2,217 kB]
Fetched 30.7 MB in 6s (4,989 kB/s)                                             
Selecting previously unselected package libc-dev-bin.
(Reading database ... 169925 files and directories currently installed.)
Preparing to unpack .../00-libc-dev-bin_2.27-3ubuntu1.6_amd64.deb ...
Unpacking libc-dev-bin (2.27-3ubuntu1.6) ...
Selecting previously unselected package linux-libc-dev:amd64.
Preparing to unpack .../01-linux-libc-dev_4.15.0-213.224_amd64.deb ...
Unpacking linux-libc-dev:amd64 (4.15.0-213.224) ...
Selecting previously unselected package libc6-dev:amd64.
Preparing to unpack .../02-libc6-dev_2.27-3ubuntu1.6_amd64.deb ...
Unpacking libc6-dev:amd64 (2.27-3ubuntu1.6) ...
Selecting previously unselected package libitm1:amd64.
Preparing to unpack .../03-libitm1_8.4.0-1ubuntu1~18.04_amd64.deb ...
Unpacking libitm1:amd64 (8.4.0-1ubuntu1~18.04) ...
Selecting previously unselected package libatomic1:amd64.
Preparing to unpack .../04-libatomic1_8.4.0-1ubuntu1~18.04_amd64.deb ...
Unpacking libatomic1:amd64 (8.4.0-1ubuntu1~18.04) ...
Selecting previously unselected package libasan4:amd64.
Preparing to unpack .../05-libasan4_7.5.0-3ubuntu1~18.04_amd64.deb ...
Unpacking libasan4:amd64 (7.5.0-3ubuntu1~18.04) ...
Selecting previously unselected package liblsan0:amd64.
Preparing to unpack .../06-liblsan0_8.4.0-1ubuntu1~18.04_amd64.deb ...
Unpacking liblsan0:amd64 (8.4.0-1ubuntu1~18.04) ...
Selecting previously unselected package libtsan0:amd64.
Preparing to unpack .../07-libtsan0_8.4.0-1ubuntu1~18.04_amd64.deb ...
Unpacking libtsan0:amd64 (8.4.0-1ubuntu1~18.04) ...
Selecting previously unselected package libubsan0:amd64.
Preparing to unpack .../08-libubsan0_7.5.0-3ubuntu1~18.04_amd64.deb ...
Unpacking libubsan0:amd64 (7.5.0-3ubuntu1~18.04) ...
Selecting previously unselected package libcilkrts5:amd64.
Preparing to unpack .../09-libcilkrts5_7.5.0-3ubuntu1~18.04_amd64.deb ...
Unpacking libcilkrts5:amd64 (7.5.0-3ubuntu1~18.04) ...
Selecting previously unselected package libmpx2:amd64.
Preparing to unpack .../10-libmpx2_8.4.0-1ubuntu1~18.04_amd64.deb ...
Unpacking libmpx2:amd64 (8.4.0-1ubuntu1~18.04) ...
Selecting previously unselected package libquadmath0:amd64.
Preparing to unpack .../11-libquadmath0_8.4.0-1ubuntu1~18.04_amd64.deb ...
Unpacking libquadmath0:amd64 (8.4.0-1ubuntu1~18.04) ...
Selecting previously unselected package libgcc-7-dev:amd64.
Preparing to unpack .../12-libgcc-7-dev_7.5.0-3ubuntu1~18.04_amd64.deb ...
Unpacking libgcc-7-dev:amd64 (7.5.0-3ubuntu1~18.04) ...
Selecting previously unselected package gcc-7.
Preparing to unpack .../13-gcc-7_7.5.0-3ubuntu1~18.04_amd64.deb ...
Unpacking gcc-7 (7.5.0-3ubuntu1~18.04) ...
Selecting previously unselected package gcc.
Preparing to unpack .../14-gcc_4%3a7.4.0-1ubuntu2.3_amd64.deb ...
Unpacking gcc (4:7.4.0-1ubuntu2.3) ...
Selecting previously unselected package libstdc++-7-dev:amd64.
Preparing to unpack .../15-libstdc++-7-dev_7.5.0-3ubuntu1~18.04_amd64.deb ...
Unpacking libstdc++-7-dev:amd64 (7.5.0-3ubuntu1~18.04) ...
Selecting previously unselected package g++-7.
Preparing to unpack .../16-g++-7_7.5.0-3ubuntu1~18.04_amd64.deb ...
Unpacking g++-7 (7.5.0-3ubuntu1~18.04) ...
Selecting previously unselected package g++.
Preparing to unpack .../17-g++_4%3a7.4.0-1ubuntu2.3_amd64.deb ...
Unpacking g++ (4:7.4.0-1ubuntu2.3) ...
Selecting previously unselected package dpkg-dev.
Preparing to unpack .../18-dpkg-dev_1.19.0.5ubuntu2.4_all.deb ...
Unpacking dpkg-dev (1.19.0.5ubuntu2.4) ...
Selecting previously unselected package build-essential.
Preparing to unpack .../19-build-essential_12.4ubuntu1_amd64.deb ...
Unpacking build-essential (12.4ubuntu1) ...
Selecting previously unselected package libfakeroot:amd64.
Preparing to unpack .../20-libfakeroot_1.22-2ubuntu1_amd64.deb ...
Unpacking libfakeroot:amd64 (1.22-2ubuntu1) ...
Selecting previously unselected package fakeroot.
Preparing to unpack .../21-fakeroot_1.22-2ubuntu1_amd64.deb ...
Unpacking fakeroot (1.22-2ubuntu1) ...
Selecting previously unselected package libalgorithm-diff-perl.
Preparing to unpack .../22-libalgorithm-diff-perl_1.19.03-1_all.deb ...
Unpacking libalgorithm-diff-perl (1.19.03-1) ...
Selecting previously unselected package libalgorithm-diff-xs-perl.
Preparing to unpack .../23-libalgorithm-diff-xs-perl_0.04-5_amd64.deb ...
Unpacking libalgorithm-diff-xs-perl (0.04-5) ...
Selecting previously unselected package libalgorithm-merge-perl.
Preparing to unpack .../24-libalgorithm-merge-perl_0.08-3_all.deb ...
Unpacking libalgorithm-merge-perl (0.08-3) ...
Selecting previously unselected package manpages-dev.
Preparing to unpack .../25-manpages-dev_4.15-1_all.deb ...
Unpacking manpages-dev (4.15-1) ...
Setting up libquadmath0:amd64 (8.4.0-1ubuntu1~18.04) ...
Setting up libatomic1:amd64 (8.4.0-1ubuntu1~18.04) ...
Setting up libasan4:amd64 (7.5.0-3ubuntu1~18.04) ...
Setting up libcilkrts5:amd64 (7.5.0-3ubuntu1~18.04) ...
Setting up libubsan0:amd64 (7.5.0-3ubuntu1~18.04) ...
Setting up libtsan0:amd64 (8.4.0-1ubuntu1~18.04) ...
Setting up linux-libc-dev:amd64 (4.15.0-213.224) ...
Setting up liblsan0:amd64 (8.4.0-1ubuntu1~18.04) ...
Setting up libmpx2:amd64 (8.4.0-1ubuntu1~18.04) ...
Setting up dpkg-dev (1.19.0.5ubuntu2.4) ...
Setting up libfakeroot:amd64 (1.22-2ubuntu1) ...
Setting up libalgorithm-diff-perl (1.19.03-1) ...
Setting up libc-dev-bin (2.27-3ubuntu1.6) ...
Setting up manpages-dev (4.15-1) ...
Setting up libc6-dev:amd64 (2.27-3ubuntu1.6) ...
Setting up libitm1:amd64 (8.4.0-1ubuntu1~18.04) ...
Setting up fakeroot (1.22-2ubuntu1) ...
update-alternatives: using /usr/bin/fakeroot-sysv to provide /usr/bin/fakeroot (fakeroot) in auto mode
Setting up libgcc-7-dev:amd64 (7.5.0-3ubuntu1~18.04) ...
Setting up libstdc++-7-dev:amd64 (7.5.0-3ubuntu1~18.04) ...
Setting up libalgorithm-merge-perl (0.08-3) ...
Setting up libalgorithm-diff-xs-perl (0.04-5) ...
Setting up gcc-7 (7.5.0-3ubuntu1~18.04) ...
Setting up g++-7 (7.5.0-3ubuntu1~18.04) ...
Setting up gcc (4:7.4.0-1ubuntu2.3) ...
Setting up g++ (4:7.4.0-1ubuntu2.3) ...
update-alternatives: using /usr/bin/g++ to provide /usr/bin/c++ (c++) in auto mode
Setting up build-essential (12.4ubuntu1) ...
Processing triggers for man-db (2.8.3-2ubuntu0.1) ...
Processing triggers for libc-bin (2.27-3ubuntu1.6) ...
jibon@PDABUILD:~$ mkdir radxabuild
jibon@PDABUILD:~$ cd radxabuild/
jibon@PDABUILD:~/radxabuild$ git clone -b wip/rockchip-3.0-radxa-rock https://github.com/linux-rockchip/rockchip-3.0.git
Cloning into 'rockchip-3.0'...
fatal: unable to access 'https://github.com/linux-rockchip/rockchip-3.0.git/': error setting certificate verify locations:
  CAfile: /tmp/xxxxxxxxxxxxxxxxxxxxxxxxxxxxxxxxxxxxxxxxxxxxxxxxxxxxxxxxxxxxxxxxxxxxxxxxxxxxxxxxxxxxxxxxxxxxxxxx/yyyyyyyyyyyyyyyyyyyyyyyyyyyyyyyyyyyyyyyyyyyyyyyyyyyyyyyyyyyyyyyyyyyyyyyyyyyyyyyyyyyyyyyyyyyyyyyy/sy
jibon@PDABUILD:~/radxabuild$ git clone -b wip/rockchip-3.0-radxa-rock https://github.com/rockchip-linux/kernel.git
Cloning into 'kernel'...
fatal: unable to access 'https://github.com/rockchip-linux/kernel.git/': error setting certificate verify locations:
  CAfile: /tmp/xxxxxxxxxxxxxxxxxxxxxxxxxxxxxxxxxxxxxxxxxxxxxxxxxxxxxxxxxxxxxxxxxxxxxxxxxxxxxxxxxxxxxxxxxxxxxxxx/yyyyyyyyyyyyyyyyyyyyyyyyyyyyyyyyyyyyyyyyyyyyyyyyyyyyyyyyyyyyyyyyyyyyyyyyyyyyyyyyyyyyyyyyyyyyyyyy/sy
jibon@PDABUILD:~/radxabuild$ git clone https://github.com/rockchip-linux/kernel.git
Cloning into 'kernel'...
fatal: unable to access 'https://github.com/rockchip-linux/kernel.git/': error setting certificate verify locations:
  CAfile: /tmp/xxxxxxxxxxxxxxxxxxxxxxxxxxxxxxxxxxxxxxxxxxxxxxxxxxxxxxxxxxxxxxxxxxxxxxxxxxxxxxxxxxxxxxxxxxxxxxxx/yyyyyyyyyyyyyyyyyyyyyyyyyyyyyyyyyyyyyyyyyyyyyyyyyyyyyyyyyyyyyyyyyyyyyyyyyyyyyyyyyyyyyyyyyyyyyyyy/sy
jibon@PDABUILD:~/radxabuild$ sudo git clone -b wip/rockchip-3.0-radxa-rock https://github.com/rockchip-linux/kernel.git
Cloning into 'kernel'...
fatal: Remote branch wip/rockchip-3.0-radxa-rock not found in upstream origin
jibon@PDABUILD:~/radxabuild$ sudo git clone https://github.com/rockchip-linux/kernel.git
Cloning into 'kernel'...
remote: Enumerating objects: 8854121, done.
remote: Counting objects: 100% (7/7), done.
remote: Compressing objects: 100% (7/7), done.
remote: Total 8854121 (delta 0), reused 0 (delta 0), pack-reused 8854114
Receiving objects: 100% (8854121/8854121), 2.68 GiB | 15.69 MiB/s, done.
Resolving deltas: 100% (7343583/7343583), done.
Checking out files: 100% (62616/62616), done.
jibon@PDABUILD:~/radxabuild$ cd ..
jibon@PDABUILD:~$ mkdir pygments
jibon@PDABUILD:~$ rm -rf pygments
jibon@PDABUILD:~$ sudo git clone https://github.com/MartijnBraam/pygments.git
[sudo] password for jibon: 
Cloning into 'pygments'...
remote: Enumerating objects: 32654, done.
remote: Total 32654 (delta 0), reused 0 (delta 0), pack-reused 32654
Receiving objects: 100% (32654/32654), 17.34 MiB | 18.63 MiB/s, done.
Resolving deltas: 100% (25972/25972), done.
jibon@PDABUILD:~$ cd pygments/
jibon@PDABUILD:~/pygments$ ls
AUTHORS          doc       Makefile     pytest.ini        scripts    tests
CHANGES          external  MANIFEST.in  README.rst        setup.cfg  tox.ini
Contributing.md  LICENSE   pygments     requirements.txt  setup.py
jibon@PDABUILD:~/pygments$ make html
make: *** No rule to make target 'html'.  Stop.
jibon@PDABUILD:~/pygments$ cd doc
jibon@PDABUILD:~/pygments/doc$ ls
conf.py  download.rst  index.rst      make.bat  pygmentize.1  _templates
docs     faq.rst       languages.rst  Makefile  _static       _themes
jibon@PDABUILD:~/pygments/doc$ make html
PYTHONPATH=.. sphinx-build -b html -d _build/doctrees   . _build/html
/bin/sh: 1: sphinx-build: not found
Makefile:45: recipe for target 'html' failed
make: *** [html] Error 127
jibon@PDABUILD:~/pygments/doc$ sudo apt install sphinx-build
Reading package lists... Done
Building dependency tree       
Reading state information... Done
E: Unable to locate package sphinx-build
jibon@PDABUILD:~/pygments/doc$ sudo apt install sphinx
Reading package lists... Done
Building dependency tree       
Reading state information... Done
E: Unable to locate package sphinx
jibon@PDABUILD:~/pygments/doc$ python --version
Python 2.7.17
jibon@PDABUILD:~/pygments/doc$ python3 --version
Python 3.6.9
jibon@PDABUILD:~/pygments/doc$ pip3 install sphinx

Command 'pip3' not found, but can be installed with:

sudo apt install python3-pip

jibon@PDABUILD:~/pygments/doc$ sudo apt install python3-pip
Reading package lists... Done
Building dependency tree       
Reading state information... Done
The following packages were automatically installed and are no longer required:
  gir1.2-goa-1.0 gir1.2-snapd-1
Use 'sudo apt autoremove' to remove them.
The following additional packages will be installed:
  dh-python libexpat1-dev libpython3-dev libpython3.6-dev python-pip-whl
  python3-dev python3-distutils python3-lib2to3 python3-setuptools
  python3-wheel python3.6-dev
Suggested packages:
  python-setuptools-doc
The following NEW packages will be installed:
  dh-python libexpat1-dev libpython3-dev libpython3.6-dev python-pip-whl
  python3-dev python3-distutils python3-lib2to3 python3-pip python3-setuptools
  python3-wheel python3.6-dev
0 upgraded, 12 newly installed, 0 to remove and 3 not upgraded.
Need to get 47.9 MB of archives.
After this operation, 85.4 MB of additional disk space will be used.
Do you want to continue? [Y/n] y
Get:1 http://kr.archive.ubuntu.com/ubuntu bionic-updates/main amd64 python3-lib2to3 all 3.6.9-1~18.04 [77.4 kB]
Get:2 http://kr.archive.ubuntu.com/ubuntu bionic-updates/main amd64 python3-distutils all 3.6.9-1~18.04 [144 kB]
Get:3 http://kr.archive.ubuntu.com/ubuntu bionic/main amd64 dh-python all 3.20180325ubuntu2 [89.2 kB]
Get:4 http://kr.archive.ubuntu.com/ubuntu bionic-updates/main amd64 libexpat1-dev amd64 2.2.5-3ubuntu0.9 [124 kB]
Get:5 http://kr.archive.ubuntu.com/ubuntu bionic-updates/main amd64 libpython3.6-dev amd64 3.6.9-1~18.04ubuntu1.12 [44.9 MB]
Get:6 http://kr.archive.ubuntu.com/ubuntu bionic-updates/main amd64 libpython3-dev amd64 3.6.7-1~18.04 [7,328 B]
Get:7 http://kr.archive.ubuntu.com/ubuntu bionic-updates/universe amd64 python-pip-whl all 9.0.1-2.3~ubuntu1.18.04.8 [1,653 kB]
Get:8 http://kr.archive.ubuntu.com/ubuntu bionic-updates/main amd64 python3.6-dev amd64 3.6.9-1~18.04ubuntu1.12 [511 kB]
Get:9 http://kr.archive.ubuntu.com/ubuntu bionic-updates/main amd64 python3-dev amd64 3.6.7-1~18.04 [1,288 B]
Get:10 http://kr.archive.ubuntu.com/ubuntu bionic-updates/universe amd64 python3-pip all 9.0.1-2.3~ubuntu1.18.04.8 [114 kB]
Get:11 http://kr.archive.ubuntu.com/ubuntu bionic-updates/main amd64 python3-setuptools all 39.0.1-2ubuntu0.1 [248 kB]
Get:12 http://kr.archive.ubuntu.com/ubuntu bionic-updates/universe amd64 python3-wheel all 0.30.0-0.2ubuntu0.1 [36.7 kB]
Fetched 47.9 MB in 7s (6,731 kB/s)                                             
Selecting previously unselected package python3-lib2to3.
(Reading database ... 174927 files and directories currently installed.)
Preparing to unpack .../00-python3-lib2to3_3.6.9-1~18.04_all.deb ...
Unpacking python3-lib2to3 (3.6.9-1~18.04) ...
Selecting previously unselected package python3-distutils.
Preparing to unpack .../01-python3-distutils_3.6.9-1~18.04_all.deb ...
Unpacking python3-distutils (3.6.9-1~18.04) ...
Selecting previously unselected package dh-python.
Preparing to unpack .../02-dh-python_3.20180325ubuntu2_all.deb ...
Unpacking dh-python (3.20180325ubuntu2) ...
Selecting previously unselected package libexpat1-dev:amd64.
Preparing to unpack .../03-libexpat1-dev_2.2.5-3ubuntu0.9_amd64.deb ...
Unpacking libexpat1-dev:amd64 (2.2.5-3ubuntu0.9) ...
Selecting previously unselected package libpython3.6-dev:amd64.
Preparing to unpack .../04-libpython3.6-dev_3.6.9-1~18.04ubuntu1.12_amd64.deb ...
Unpacking libpython3.6-dev:amd64 (3.6.9-1~18.04ubuntu1.12) ...
Selecting previously unselected package libpython3-dev:amd64.
Preparing to unpack .../05-libpython3-dev_3.6.7-1~18.04_amd64.deb ...
Unpacking libpython3-dev:amd64 (3.6.7-1~18.04) ...
Selecting previously unselected package python-pip-whl.
Preparing to unpack .../06-python-pip-whl_9.0.1-2.3~ubuntu1.18.04.8_all.deb ...
Unpacking python-pip-whl (9.0.1-2.3~ubuntu1.18.04.8) ...
Selecting previously unselected package python3.6-dev.
Preparing to unpack .../07-python3.6-dev_3.6.9-1~18.04ubuntu1.12_amd64.deb ...
Unpacking python3.6-dev (3.6.9-1~18.04ubuntu1.12) ...
Selecting previously unselected package python3-dev.
Preparing to unpack .../08-python3-dev_3.6.7-1~18.04_amd64.deb ...
Unpacking python3-dev (3.6.7-1~18.04) ...
Selecting previously unselected package python3-pip.
Preparing to unpack .../09-python3-pip_9.0.1-2.3~ubuntu1.18.04.8_all.deb ...
Unpacking python3-pip (9.0.1-2.3~ubuntu1.18.04.8) ...
Selecting previously unselected package python3-setuptools.
Preparing to unpack .../10-python3-setuptools_39.0.1-2ubuntu0.1_all.deb ...
Unpacking python3-setuptools (39.0.1-2ubuntu0.1) ...
Selecting previously unselected package python3-wheel.
Preparing to unpack .../11-python3-wheel_0.30.0-0.2ubuntu0.1_all.deb ...
Unpacking python3-wheel (0.30.0-0.2ubuntu0.1) ...
Setting up python-pip-whl (9.0.1-2.3~ubuntu1.18.04.8) ...
Setting up python3-wheel (0.30.0-0.2ubuntu0.1) ...
Setting up libexpat1-dev:amd64 (2.2.5-3ubuntu0.9) ...
Setting up python3-lib2to3 (3.6.9-1~18.04) ...
Setting up python3-distutils (3.6.9-1~18.04) ...
Setting up libpython3.6-dev:amd64 (3.6.9-1~18.04ubuntu1.12) ...
Setting up python3-pip (9.0.1-2.3~ubuntu1.18.04.8) ...
Setting up python3-setuptools (39.0.1-2ubuntu0.1) ...
Setting up python3.6-dev (3.6.9-1~18.04ubuntu1.12) ...
Setting up dh-python (3.20180325ubuntu2) ...
Setting up libpython3-dev:amd64 (3.6.7-1~18.04) ...
Setting up python3-dev (3.6.7-1~18.04) ...
Processing triggers for man-db (2.8.3-2ubuntu0.1) ...
jibon@PDABUILD:~/pygments/doc$ 

jibon@PDABUILD:~/pygments/doc$ pip3 --version
pip 9.0.1 from /usr/lib/python3/dist-packages (python 3.6)
jibon@PDABUILD:~/pygments/doc$ pip3 show sphinx
jibon@PDABUILD:~/pygments/doc$ pip show sphinx

Command 'pip' not found, but can be installed with:

sudo apt install python-pip

jibon@PDABUILD:~/pygments/doc$ make html
PYTHONPATH=.. sphinx-build -b html -d _build/doctrees   . _build/html
/bin/sh: 1: sphinx-build: not found
Makefile:45: recipe for target 'html' failed
make: *** [html] Error 127
jibon@PDABUILD:~/pygments/doc$ sudo apt install python3-sphinx
[sudo] password for jibon: 
Reading package lists... Done
Building dependency tree       
Reading state information... Done
The following packages were automatically installed and are no longer required:
  gir1.2-goa-1.0 gir1.2-snapd-1
Use 'sudo apt autoremove' to remove them.
The following additional packages will be installed:
  docutils-common javascript-common libjs-jquery libjs-sphinxdoc
  libjs-underscore python-babel-localedata python3-alabaster python3-babel
  python3-docutils python3-imagesize python3-jinja2 python3-pygments
  python3-roman sgml-base sphinx-common xml-core
Suggested packages:
  apache2 | lighttpd | httpd docutils-doc fonts-linuxlibertine
  | ttf-linux-libertine texlive-lang-french texlive-latex-base
  texlive-latex-recommended python-jinja2-doc ttf-bitstream-vera
  python3-sphinx-rtd-theme libjs-mathjax dvipng texlive-latex-extra
  texlive-fonts-recommended texlive-generic-extra latexmk sphinx-doc
  sgml-base-doc debhelper
The following NEW packages will be installed:
  docutils-common javascript-common libjs-jquery libjs-sphinxdoc
  libjs-underscore python-babel-localedata python3-alabaster python3-babel
  python3-docutils python3-imagesize python3-jinja2 python3-pygments
  python3-roman python3-sphinx sgml-base sphinx-common xml-core
0 upgraded, 17 newly installed, 0 to remove and 3 not upgraded.
Need to get 5,926 kB of archives.
After this operation, 31.3 MB of additional disk space will be used.
Do you want to continue? [Y/n] y
Get:1 http://kr.archive.ubuntu.com/ubuntu bionic/main amd64 sgml-base all 1.29 [12.3 kB]
Get:2 http://kr.archive.ubuntu.com/ubuntu bionic/main amd64 xml-core all 0.18 [21.3 kB]
Get:3 http://kr.archive.ubuntu.com/ubuntu bionic/main amd64 docutils-common all 0.14+dfsg-3 [156 kB]
Get:4 http://kr.archive.ubuntu.com/ubuntu bionic/main amd64 javascript-common all 11 [6,066 B]
Get:5 http://kr.archive.ubuntu.com/ubuntu bionic/main amd64 libjs-jquery all 3.2.1-1 [152 kB]
Get:6 http://kr.archive.ubuntu.com/ubuntu bionic-updates/main amd64 libjs-underscore all 1.8.3~dfsg-1ubuntu0.1 [60.4 kB]
Get:7 http://kr.archive.ubuntu.com/ubuntu bionic/main amd64 libjs-sphinxdoc all 1.6.7-1ubuntu1 [85.6 kB]
Get:8 http://kr.archive.ubuntu.com/ubuntu bionic-updates/main amd64 python-babel-localedata all 2.4.0+dfsg.1-2ubuntu1.1 [3,410 kB]
Get:9 http://kr.archive.ubuntu.com/ubuntu bionic-updates/main amd64 python3-babel all 2.4.0+dfsg.1-2ubuntu1.1 [79.9 kB]
Get:10 http://kr.archive.ubuntu.com/ubuntu bionic/main amd64 python3-roman all 2.0.0-3 [8,624 B]
Get:11 http://kr.archive.ubuntu.com/ubuntu bionic/main amd64 python3-docutils all 0.14+dfsg-3 [363 kB]
Get:12 http://kr.archive.ubuntu.com/ubuntu bionic/main amd64 python3-imagesize all 0.7.1-1 [3,926 B]
Get:13 http://kr.archive.ubuntu.com/ubuntu bionic-updates/main amd64 python3-jinja2 all 2.10-1ubuntu0.18.04.1 [95.4 kB]
Get:14 http://kr.archive.ubuntu.com/ubuntu bionic-updates/main amd64 python3-pygments all 2.2.0+dfsg-1ubuntu0.2 [574 kB]
Get:15 http://kr.archive.ubuntu.com/ubuntu bionic/main amd64 python3-alabaster all 0.7.8-1 [18.5 kB]
Get:16 http://kr.archive.ubuntu.com/ubuntu bionic/main amd64 sphinx-common all 1.6.7-1ubuntu1 [420 kB]
Get:17 http://kr.archive.ubuntu.com/ubuntu bionic/main amd64 python3-sphinx all 1.6.7-1ubuntu1 [459 kB]
Fetched 5,926 kB in 3s (2,073 kB/s)      
Selecting previously unselected package sgml-base.
(Reading database ... 175773 files and directories currently installed.)
Preparing to unpack .../00-sgml-base_1.29_all.deb ...
Unpacking sgml-base (1.29) ...
Selecting previously unselected package xml-core.
Preparing to unpack .../01-xml-core_0.18_all.deb ...
Unpacking xml-core (0.18) ...
Selecting previously unselected package docutils-common.
Preparing to unpack .../02-docutils-common_0.14+dfsg-3_all.deb ...
Unpacking docutils-common (0.14+dfsg-3) ...
Selecting previously unselected package javascript-common.
Preparing to unpack .../03-javascript-common_11_all.deb ...
Unpacking javascript-common (11) ...
Selecting previously unselected package libjs-jquery.
Preparing to unpack .../04-libjs-jquery_3.2.1-1_all.deb ...
Unpacking libjs-jquery (3.2.1-1) ...
Selecting previously unselected package libjs-underscore.
Preparing to unpack .../05-libjs-underscore_1.8.3~dfsg-1ubuntu0.1_all.deb ...
Unpacking libjs-underscore (1.8.3~dfsg-1ubuntu0.1) ...
Selecting previously unselected package libjs-sphinxdoc.
Preparing to unpack .../06-libjs-sphinxdoc_1.6.7-1ubuntu1_all.deb ...
Unpacking libjs-sphinxdoc (1.6.7-1ubuntu1) ...
Selecting previously unselected package python-babel-localedata.
Preparing to unpack .../07-python-babel-localedata_2.4.0+dfsg.1-2ubuntu1.1_all.deb ...
Unpacking python-babel-localedata (2.4.0+dfsg.1-2ubuntu1.1) ...
Selecting previously unselected package python3-babel.
Preparing to unpack .../08-python3-babel_2.4.0+dfsg.1-2ubuntu1.1_all.deb ...
Unpacking python3-babel (2.4.0+dfsg.1-2ubuntu1.1) ...
Selecting previously unselected package python3-roman.
Preparing to unpack .../09-python3-roman_2.0.0-3_all.deb ...
Unpacking python3-roman (2.0.0-3) ...
Selecting previously unselected package python3-docutils.
Preparing to unpack .../10-python3-docutils_0.14+dfsg-3_all.deb ...
Unpacking python3-docutils (0.14+dfsg-3) ...
Selecting previously unselected package python3-imagesize.
Preparing to unpack .../11-python3-imagesize_0.7.1-1_all.deb ...
Unpacking python3-imagesize (0.7.1-1) ...
Selecting previously unselected package python3-jinja2.
Preparing to unpack .../12-python3-jinja2_2.10-1ubuntu0.18.04.1_all.deb ...
Unpacking python3-jinja2 (2.10-1ubuntu0.18.04.1) ...
Selecting previously unselected package python3-pygments.
Preparing to unpack .../13-python3-pygments_2.2.0+dfsg-1ubuntu0.2_all.deb ...
Unpacking python3-pygments (2.2.0+dfsg-1ubuntu0.2) ...
Selecting previously unselected package python3-alabaster.
Preparing to unpack .../14-python3-alabaster_0.7.8-1_all.deb ...
Unpacking python3-alabaster (0.7.8-1) ...
Selecting previously unselected package sphinx-common.
Preparing to unpack .../15-sphinx-common_1.6.7-1ubuntu1_all.deb ...
Unpacking sphinx-common (1.6.7-1ubuntu1) ...
Selecting previously unselected package python3-sphinx.
Preparing to unpack .../16-python3-sphinx_1.6.7-1ubuntu1_all.deb ...
Unpacking python3-sphinx (1.6.7-1ubuntu1) ...
Setting up libjs-jquery (3.2.1-1) ...
Setting up python3-roman (2.0.0-3) ...
Setting up python3-imagesize (0.7.1-1) ...
Setting up libjs-underscore (1.8.3~dfsg-1ubuntu0.1) ...
Setting up python3-alabaster (0.7.8-1) ...
Setting up libjs-sphinxdoc (1.6.7-1ubuntu1) ...
Setting up sgml-base (1.29) ...
Setting up python3-jinja2 (2.10-1ubuntu0.18.04.1) ...
Setting up python-babel-localedata (2.4.0+dfsg.1-2ubuntu1.1) ...
Setting up sphinx-common (1.6.7-1ubuntu1) ...
Setting up xml-core (0.18) ...
Setting up javascript-common (11) ...
Setting up python3-pygments (2.2.0+dfsg-1ubuntu0.2) ...
Setting up python3-babel (2.4.0+dfsg.1-2ubuntu1.1) ...
update-alternatives: using /usr/bin/pybabel-python3 to provide /usr/bin/pybabel (pybabel) in auto mode
Processing triggers for man-db (2.8.3-2ubuntu0.1) ...
Processing triggers for shared-mime-info (1.9-2) ...
Processing triggers for sgml-base (1.29) ...
Setting up docutils-common (0.14+dfsg-3) ...
Processing triggers for sgml-base (1.29) ...
Setting up python3-docutils (0.14+dfsg-3) ...
update-alternatives: using /usr/share/docutils/scripts/python3/rst-buildhtml to provide /usr/bin/rst-buildhtml (rst-buildhtml) in auto mode
update-alternatives: using /usr/share/docutils/scripts/python3/rst2html to provide /usr/bin/rst2html (rst2html) in auto mode
update-alternatives: using /usr/share/docutils/scripts/python3/rst2html4 to provide /usr/bin/rst2html4 (rst2html4) in auto mode
update-alternatives: using /usr/share/docutils/scripts/python3/rst2html5 to provide /usr/bin/rst2html5 (rst2html5) in auto mode
update-alternatives: using /usr/share/docutils/scripts/python3/rst2latex to provide /usr/bin/rst2latex (rst2latex) in auto mode
update-alternatives: using /usr/share/docutils/scripts/python3/rst2man to provide /usr/bin/rst2man (rst2man) in auto mode
update-alternatives: using /usr/share/docutils/scripts/python3/rst2odt to provide /usr/bin/rst2odt (rst2odt) in auto mode
update-alternatives: using /usr/share/docutils/scripts/python3/rst2odt_prepstyles to provide /usr/bin/rst2odt_prepstyles (rst2odt_prepstyles) in auto mode
update-alternatives: using /usr/share/docutils/scripts/python3/rst2pseudoxml to provide /usr/bin/rst2pseudoxml (rst2pseudoxml) in auto mode
update-alternatives: using /usr/share/docutils/scripts/python3/rst2s5 to provide /usr/bin/rst2s5 (rst2s5) in auto mode
update-alternatives: using /usr/share/docutils/scripts/python3/rst2xetex to provide /usr/bin/rst2xetex (rst2xetex) in auto mode
update-alternatives: using /usr/share/docutils/scripts/python3/rst2xml to provide /usr/bin/rst2xml (rst2xml) in auto mode
update-alternatives: using /usr/share/docutils/scripts/python3/rstpep2html to provide /usr/bin/rstpep2html (rstpep2html) in auto mode
Setting up python3-sphinx (1.6.7-1ubuntu1) ...
jibon@PDABUILD:~/pygments/doc$ make html
PYTHONPATH=.. sphinx-build -b html -d _build/doctrees   . _build/html
Running Sphinx v1.6.7
making output directory...

Exception occurred:
  File "/usr/lib/python3.6/os.py", line 220, in makedirs
    mkdir(name, mode)
PermissionError: [Errno 13] Permission denied: '/home/jibon/pygments/doc/_build'
The full traceback has been saved in /tmp/sphinx-err-ie_ys9cx.log, if you want to report the issue to the developers.
Please also report this if it was a user error, so that a better error message can be provided next time.
A bug report can be filed in the tracker at <https://github.com/sphinx-doc/sphinx/issues>. Thanks!
Makefile:45: recipe for target 'html' failed
make: *** [html] Error 1
jibon@PDABUILD:~/pygments/doc$ sudo make html
PYTHONPATH=.. sphinx-build -b html -d _build/doctrees   . _build/html
Running Sphinx v1.6.7
making output directory...
loading pickled environment... not yet created
building [mo]: targets for 0 po files that are out of date
building [html]: targets for 24 source files that are out of date
updating environment: 24 added, 0 changed, 0 removed
reading sources... [100%] languages                                             
../CHANGES:80: WARNING: Bullet list ends without a blank line; unexpected unindent.
looking for now-outdated files... none found
pickling environment... done
checking consistency... done
preparing documents... done
writing output... [100%] languages                                              
generating indices... genindex py-modindex
writing additional pages... search
copying static files... done
copying extra files... done
dumping search index in English (code: en) ... done
dumping object inventory... done
build succeeded, 1 warning.

Build finished. The HTML pages are in _build/html.
jibon@PDABUILD:~/pygments/doc$ ls
_build   download.rst  languages.rst  pygmentize.1  _themes
conf.py  faq.rst       make.bat       _static
docs     index.rst     Makefile       _templates
jibon@PDABUILD:~/pygments/doc$ 


